2026-06-30 09:32:22,710 [INFO] Starting question generation for sc/general-postal-services.
2026-06-30 09:32:22,710 [INFO] 

Generating questions for dataset at endpoint: general-postal-services
2026-06-30 09:32:22,712 [INFO] ... (more hidden) ...
2026-06-30 09:32:22,713 [WARNING] Warning: No endpoint provided for question type remapping.
2026-06-30 09:32:22,713 [WARNING] Skipping QuestionType.RANGE due to filter settings.
2026-06-30 09:32:22,713 [WARNING] Warning: No endpoint provided for question type remapping.
2026-06-30 09:32:22,713 [WARNING] Skipping QuestionType.RANGE due to filter settings.
2026-06-30 09:32:22,714 [WARNING] Warning: No endpoint provided for question type remapping.
2026-06-30 09:32:22,714 [WARNING] Skipping QuestionType.RANGE due to filter settings.
2026-06-30 09:32:22,715 [WARNING] Warning: No endpoint provided for question type remapping.
2026-06-30 09:32:22,715 [WARNING] Skipping QuestionType.RANGE due to filter settings.
2026-06-30 09:32:22,715 [WARNING] Warning: No endpoint provided for question type remapping.
2026-06-30 09:32:22,716 [WARNING] Skipping QuestionType.RANGE due to filter settings.
2026-06-30 09:32:22,719 [WARNING] Warning: No endpoint provided for question type remapping.
2026-06-30 09:32:22,719 [WARNING] Skipping QuestionType.RANGE due to filter settings.
2026-06-30 09:32:22,719 [WARNING] Warning: No endpoint provided for question type remapping.
2026-06-30 09:32:22,720 [WARNING] Skipping QuestionType.RANGE due to filter settings.
2026-06-30 09:32:22,720 [WARNING] Warning: No endpoint provided for question type remapping.
2026-06-30 09:32:22,720 [WARNING] Skipping QuestionType.RANGE due to filter settings.
2026-06-30 09:32:22,721 [WARNING] Warning: No endpoint provided for question type remapping.
2026-06-30 09:32:22,721 [WARNING] Skipping QuestionType.RANGE due to filter settings.
2026-06-30 09:32:22,721 [WARNING] Warning: No endpoint provided for question type remapping.
2026-06-30 09:32:22,721 [WARNING] Skipping QuestionType.RANGE due to filter settings.
2026-06-30 09:32:22,722 [WARNING] Warning: No endpoint provided for question type remapping.
2026-06-30 09:32:22,722 [WARNING] Skipping QuestionType.RANGE due to filter settings.
2026-06-30 09:32:22,722 [WARNING] Warning: No endpoint provided for question type remapping.
2026-06-30 09:32:22,723 [WARNING] Skipping QuestionType.RANGE due to filter settings.
2026-06-30 09:32:22,723 [WARNING] Warning: No endpoint provided for question type remapping.
2026-06-30 09:32:22,724 [WARNING] Skipping QuestionType.RANGE due to filter settings.
2026-06-30 09:32:22,724 [WARNING] Warning: No endpoint provided for question type remapping.
2026-06-30 09:32:22,724 [WARNING] Skipping QuestionType.RANGE due to filter settings.
2026-06-30 09:32:22,724 [WARNING] Warning: No endpoint provided for question type remapping.
2026-06-30 09:32:22,725 [WARNING] Skipping QuestionType.RANGE due to filter settings.
2026-06-30 09:32:22,725 [WARNING] Warning: No endpoint provided for question type remapping.
2026-06-30 09:32:22,725 [WARNING] Skipping QuestionType.RANGE due to filter settings.
2026-06-30 09:32:22,726 [WARNING] Warning: No endpoint provided for question type remapping.
2026-06-30 09:32:22,726 [WARNING] Skipping QuestionType.RANGE due to filter settings.
2026-06-30 09:32:22,726 [WARNING] Warning: No endpoint provided for question type remapping.
2026-06-30 09:32:22,726 [WARNING] Skipping QuestionType.RANGE due to filter settings.
2026-06-30 09:32:22,727 [WARNING] Warning: No endpoint provided for question type remapping.
2026-06-30 09:32:22,727 [WARNING] Skipping QuestionType.RANGE due to filter settings.
2026-06-30 09:32:22,727 [WARNING] Warning: No endpoint provided for question type remapping.
2026-06-30 09:32:22,727 [WARNING] Skipping QuestionType.RANGE due to filter settings.
2026-06-30 09:32:22,728 [WARNING] Warning: No endpoint provided for question type remapping.
2026-06-30 09:32:22,728 [WARNING] Skipping QuestionType.RANGE due to filter settings.
2026-06-30 09:32:22,731 [WARNING] Warning: No endpoint provided for question type remapping.
2026-06-30 09:32:22,731 [WARNING] Skipping QuestionType.RANGE due to filter settings.
2026-06-30 09:32:22,731 [WARNING] Warning: No endpoint provided for question type remapping.
2026-06-30 09:32:22,731 [WARNING] Skipping QuestionType.RANGE due to filter settings.
2026-06-30 09:32:22,733 [WARNING] Warning: No endpoint provided for question type remapping.
2026-06-30 09:32:22,733 [WARNING] Skipping QuestionType.RANGE due to filter settings.
2026-06-30 09:32:22,733 [WARNING] Warning: No endpoint provided for question type remapping.
2026-06-30 09:32:22,733 [WARNING] Skipping QuestionType.RANGE due to filter settings.
2026-06-30 09:32:22,733 [WARNING] Warning: No endpoint provided for question type remapping.
2026-06-30 09:32:22,733 [WARNING] Skipping QuestionType.RANGE due to filter settings.
2026-06-30 09:32:22,733 [WARNING] Warning: No endpoint provided for question type remapping.
2026-06-30 09:32:22,733 [WARNING] Skipping QuestionType.RANGE due to filter settings.
2026-06-30 09:32:22,733 [WARNING] Warning: No endpoint provided for question type remapping.
2026-06-30 09:32:22,733 [WARNING] Skipping QuestionType.RANGE due to filter settings.
2026-06-30 09:32:22,733 [WARNING] Warning: No endpoint provided for question type remapping.
2026-06-30 09:32:22,733 [WARNING] Skipping QuestionType.RANGE due to filter settings.
2026-06-30 09:32:22,733 [WARNING] Warning: No endpoint provided for question type remapping.
2026-06-30 09:32:22,733 [WARNING] Skipping QuestionType.RANGE due to filter settings.
2026-06-30 09:32:22,733 [WARNING] Warning: No endpoint provided for question type remapping.
2026-06-30 09:32:22,733 [WARNING] Skipping QuestionType.RANGE due to filter settings.
2026-06-30 09:32:22,733 [WARNING] Warning: No endpoint provided for question type remapping.
2026-06-30 09:32:22,733 [WARNING] Skipping QuestionType.RANGE due to filter settings.
2026-06-30 09:32:22,733 [WARNING] Warning: No endpoint provided for question type remapping.
2026-06-30 09:32:22,733 [WARNING] Skipping QuestionType.RANGE due to filter settings.
2026-06-30 09:32:22,733 [WARNING] Warning: No endpoint provided for question type remapping.
2026-06-30 09:32:22,733 [WARNING] Skipping QuestionType.RANGE due to filter settings.
2026-06-30 09:32:22,733 [WARNING] Warning: No endpoint provided for question type remapping.
2026-06-30 09:32:22,733 [WARNING] Skipping QuestionType.RANGE due to filter settings.
2026-06-30 09:32:22,733 [WARNING] Warning: No endpoint provided for question type remapping.
2026-06-30 09:32:22,733 [WARNING] Skipping QuestionType.RANGE due to filter settings.
2026-06-30 09:32:22,733 [WARNING] Warning: No endpoint provided for question type remapping.
2026-06-30 09:32:22,736 [WARNING] Skipping QuestionType.RANGE due to filter settings.
2026-06-30 09:32:22,736 [WARNING] Warning: No endpoint provided for question type remapping.
2026-06-30 09:32:22,736 [WARNING] Skipping QuestionType.RANGE due to filter settings.
2026-06-30 09:32:22,738 [WARNING] Warning: No endpoint provided for question type remapping.
2026-06-30 09:32:22,738 [WARNING] Skipping QuestionType.RANGE due to filter settings.
2026-06-30 09:32:22,738 [WARNING] Warning: No endpoint provided for question type remapping.
2026-06-30 09:32:22,738 [WARNING] Skipping QuestionType.RANGE due to filter settings.
2026-06-30 09:32:22,738 [WARNING] Warning: No endpoint provided for question type remapping.
2026-06-30 09:32:22,738 [WARNING] Skipping QuestionType.RANGE due to filter settings.
2026-06-30 09:32:22,738 [WARNING] Warning: No endpoint provided for question type remapping.
2026-06-30 09:32:22,738 [WARNING] Skipping QuestionType.RANGE due to filter settings.
2026-06-30 09:32:22,738 [WARNING] Warning: No endpoint provided for question type remapping.
2026-06-30 09:32:22,738 [WARNING] Skipping QuestionType.RANGE due to filter settings.
2026-06-30 09:32:22,738 [WARNING] Warning: No endpoint provided for question type remapping.
2026-06-30 09:32:22,738 [WARNING] Skipping QuestionType.RANGE due to filter settings.
2026-06-30 09:32:22,738 [WARNING] Warning: No endpoint provided for question type remapping.
2026-06-30 09:32:22,738 [WARNING] Skipping QuestionType.RANGE due to filter settings.
2026-06-30 09:32:22,739 [WARNING] Warning: No endpoint provided for question type remapping.
2026-06-30 09:32:22,739 [WARNING] Skipping QuestionType.RANGE due to filter settings.
2026-06-30 09:32:22,739 [WARNING] Warning: No endpoint provided for question type remapping.
2026-06-30 09:32:22,739 [WARNING] Skipping QuestionType.RANGE due to filter settings.
2026-06-30 09:32:22,739 [WARNING] Warning: No endpoint provided for question type remapping.
2026-06-30 09:32:22,739 [WARNING] Skipping QuestionType.RANGE due to filter settings.
2026-06-30 09:32:22,739 [WARNING] Warning: No endpoint provided for question type remapping.
2026-06-30 09:32:22,739 [WARNING] Skipping QuestionType.RANGE due to filter settings.
2026-06-30 09:32:22,739 [WARNING] Warning: No endpoint provided for question type remapping.
2026-06-30 09:32:22,739 [WARNING] Skipping QuestionType.RANGE due to filter settings.
2026-06-30 09:32:22,739 [WARNING] Warning: No endpoint provided for question type remapping.
2026-06-30 09:32:22,739 [WARNING] Skipping QuestionType.RANGE due to filter settings.
2026-06-30 09:32:22,739 [WARNING] Warning: No endpoint provided for question type remapping.
2026-06-30 09:32:22,739 [WARNING] Skipping QuestionType.RANGE due to filter settings.
2026-06-30 09:32:22,739 [WARNING] Warning: No endpoint provided for question type remapping.
2026-06-30 09:32:22,739 [WARNING] Skipping QuestionType.RANGE due to filter settings.
2026-06-30 09:32:22,739 [WARNING] Warning: No endpoint provided for question type remapping.
2026-06-30 09:32:22,739 [WARNING] Skipping QuestionType.RANGE due to filter settings.
2026-06-30 09:32:22,739 [WARNING] Warning: No endpoint provided for question type remapping.
2026-06-30 09:32:22,739 [WARNING] Skipping QuestionType.RANGE due to filter settings.
2026-06-30 09:32:22,739 [WARNING] Warning: No endpoint provided for question type remapping.
2026-06-30 09:32:22,739 [WARNING] Skipping QuestionType.RANGE due to filter settings.
2026-06-30 09:32:22,739 [WARNING] Warning: No endpoint provided for question type remapping.
2026-06-30 09:32:22,739 [WARNING] Skipping QuestionType.RANGE due to filter settings.
2026-06-30 09:32:22,739 [WARNING] Warning: No endpoint provided for question type remapping.
2026-06-30 09:32:22,739 [WARNING] Skipping QuestionType.RANGE due to filter settings.
2026-06-30 09:32:22,739 [WARNING] Warning: No endpoint provided for question type remapping.
2026-06-30 09:32:22,739 [WARNING] Skipping QuestionType.RANGE due to filter settings.
2026-06-30 09:32:22,739 [WARNING] Warning: No endpoint provided for question type remapping.
2026-06-30 09:32:22,739 [WARNING] Skipping QuestionType.RANGE due to filter settings.
2026-06-30 09:32:22,739 [WARNING] Warning: No endpoint provided for question type remapping.
2026-06-30 09:32:22,739 [WARNING] Skipping QuestionType.RANGE due to filter settings.
2026-06-30 09:32:22,739 [WARNING] Warning: No endpoint provided for question type remapping.
2026-06-30 09:32:22,739 [WARNING] Skipping QuestionType.RANGE due to filter settings.
2026-06-30 09:32:22,739 [WARNING] Warning: No endpoint provided for question type remapping.
2026-06-30 09:32:22,739 [WARNING] Skipping QuestionType.RANGE due to filter settings.
2026-06-30 09:32:22,739 [WARNING] Warning: No endpoint provided for question type remapping.
2026-06-30 09:32:22,739 [WARNING] Skipping QuestionType.RANGE due to filter settings.
2026-06-30 09:32:22,739 [WARNING] Warning: No endpoint provided for question type remapping.
2026-06-30 09:32:22,739 [WARNING] Skipping QuestionType.RANGE due to filter settings.
2026-06-30 09:32:22,739 [WARNING] Warning: No endpoint provided for question type remapping.
2026-06-30 09:32:22,739 [WARNING] Skipping QuestionType.RANGE due to filter settings.
2026-06-30 09:32:22,739 [WARNING] Warning: No endpoint provided for question type remapping.
2026-06-30 09:32:22,739 [WARNING] Skipping QuestionType.RANGE due to filter settings.
2026-06-30 09:32:22,739 [WARNING] Warning: No endpoint provided for question type remapping.
2026-06-30 09:32:22,739 [WARNING] Skipping QuestionType.RANGE due to filter settings.
2026-06-30 09:32:22,739 [WARNING] Warning: No endpoint provided for question type remapping.
2026-06-30 09:32:22,739 [WARNING] Skipping QuestionType.RANGE due to filter settings.
2026-06-30 09:32:22,739 [WARNING] Warning: No endpoint provided for question type remapping.
2026-06-30 09:32:22,739 [WARNING] Skipping QuestionType.RANGE due to filter settings.
2026-06-30 09:32:22,739 [WARNING] Warning: No endpoint provided for question type remapping.
2026-06-30 09:32:22,739 [WARNING] Skipping QuestionType.RANGE due to filter settings.
2026-06-30 09:32:22,739 [WARNING] Warning: No endpoint provided for question type remapping.
2026-06-30 09:32:22,739 [WARNING] Skipping QuestionType.RANGE due to filter settings.
2026-06-30 09:32:22,739 [WARNING] Warning: No endpoint provided for question type remapping.
2026-06-30 09:32:22,739 [WARNING] Skipping QuestionType.RANGE due to filter settings.
2026-06-30 09:32:22,739 [WARNING] Warning: No endpoint provided for question type remapping.
2026-06-30 09:32:22,739 [WARNING] Skipping QuestionType.RANGE due to filter settings.
2026-06-30 09:32:22,739 [WARNING] Warning: No endpoint provided for question type remapping.
2026-06-30 09:32:22,739 [WARNING] Skipping QuestionType.RANGE due to filter settings.
2026-06-30 09:32:22,739 [WARNING] Warning: No endpoint provided for question type remapping.
2026-06-30 09:32:22,739 [WARNING] Skipping QuestionType.RANGE due to filter settings.
2026-06-30 09:32:22,740 [WARNING] Warning: No endpoint provided for question type remapping.
2026-06-30 09:32:22,740 [WARNING] Skipping QuestionType.RANGE due to filter settings.
2026-06-30 09:32:22,740 [WARNING] Warning: No endpoint provided for question type remapping.
2026-06-30 09:32:22,740 [WARNING] Skipping QuestionType.RANGE due to filter settings.
2026-06-30 09:32:22,740 [WARNING] Warning: No endpoint provided for question type remapping.
2026-06-30 09:32:22,740 [WARNING] Skipping QuestionType.RANGE due to filter settings.
2026-06-30 09:32:22,740 [WARNING] Warning: No endpoint provided for question type remapping.
2026-06-30 09:32:22,740 [WARNING] Skipping QuestionType.RANGE due to filter settings.
2026-06-30 09:32:22,740 [WARNING] Warning: No endpoint provided for question type remapping.
2026-06-30 09:32:22,740 [WARNING] Skipping QuestionType.RANGE due to filter settings.
2026-06-30 09:32:22,740 [WARNING] Warning: No endpoint provided for question type remapping.
2026-06-30 09:32:22,740 [WARNING] Skipping QuestionType.RANGE due to filter settings.
2026-06-30 09:32:22,740 [WARNING] Warning: No endpoint provided for question type remapping.
2026-06-30 09:32:22,741 [WARNING] Skipping QuestionType.RANGE due to filter settings.
2026-06-30 09:32:22,741 [WARNING] Warning: No endpoint provided for question type remapping.
2026-06-30 09:32:22,741 [WARNING] Skipping QuestionType.RANGE due to filter settings.
2026-06-30 09:32:22,741 [WARNING] Warning: No endpoint provided for question type remapping.
2026-06-30 09:32:22,741 [WARNING] Skipping QuestionType.RANGE due to filter settings.
2026-06-30 09:32:22,741 [WARNING] Warning: No endpoint provided for question type remapping.
2026-06-30 09:32:22,741 [WARNING] Skipping QuestionType.RANGE due to filter settings.
2026-06-30 09:32:22,741 [WARNING] Warning: No endpoint provided for question type remapping.
2026-06-30 09:32:22,741 [WARNING] Skipping QuestionType.RANGE due to filter settings.
2026-06-30 09:32:22,742 [WARNING] Warning: No endpoint provided for question type remapping.
2026-06-30 09:32:22,742 [WARNING] Skipping QuestionType.RANGE due to filter settings.
2026-06-30 09:32:22,746 [WARNING] Warning: No endpoint provided for question type remapping.
2026-06-30 09:32:22,746 [WARNING] Skipping QuestionType.RANGE due to filter settings.
2026-06-30 09:32:22,746 [WARNING] Warning: No endpoint provided for question type remapping.
2026-06-30 09:32:22,746 [WARNING] Skipping QuestionType.RANGE due to filter settings.
2026-06-30 09:32:22,746 [WARNING] Warning: No endpoint provided for question type remapping.
2026-06-30 09:32:22,748 [WARNING] Skipping QuestionType.RANGE due to filter settings.
2026-06-30 09:32:22,748 [WARNING] Warning: No endpoint provided for question type remapping.
2026-06-30 09:32:22,748 [WARNING] Skipping QuestionType.RANGE due to filter settings.
2026-06-30 09:32:22,748 [WARNING] Warning: No endpoint provided for question type remapping.
2026-06-30 09:32:22,748 [WARNING] Skipping QuestionType.RANGE due to filter settings.
2026-06-30 09:32:22,748 [WARNING] Warning: No endpoint provided for question type remapping.
2026-06-30 09:32:22,748 [WARNING] Skipping QuestionType.RANGE due to filter settings.
2026-06-30 09:32:22,748 [WARNING] Warning: No endpoint provided for question type remapping.
2026-06-30 09:32:22,748 [WARNING] Skipping QuestionType.RANGE due to filter settings.
2026-06-30 09:32:22,748 [WARNING] Warning: No endpoint provided for question type remapping.
2026-06-30 09:32:22,748 [WARNING] Skipping QuestionType.RANGE due to filter settings.
2026-06-30 09:32:22,748 [WARNING] Warning: No endpoint provided for question type remapping.
2026-06-30 09:32:22,748 [WARNING] Skipping QuestionType.RANGE due to filter settings.
2026-06-30 09:32:22,750 [WARNING] Warning: No endpoint provided for question type remapping.
2026-06-30 09:32:22,750 [WARNING] Skipping QuestionType.RANGE due to filter settings.
2026-06-30 09:32:22,750 [WARNING] Warning: No endpoint provided for question type remapping.
2026-06-30 09:32:22,750 [WARNING] Skipping QuestionType.RANGE due to filter settings.
2026-06-30 09:32:22,750 [WARNING] Warning: No endpoint provided for question type remapping.
2026-06-30 09:32:22,750 [WARNING] Skipping QuestionType.RANGE due to filter settings.
2026-06-30 09:32:22,750 [WARNING] Warning: No endpoint provided for question type remapping.
2026-06-30 09:32:22,750 [WARNING] Skipping QuestionType.RANGE due to filter settings.
2026-06-30 09:32:22,750 [WARNING] Warning: No endpoint provided for question type remapping.
2026-06-30 09:32:22,750 [WARNING] Skipping QuestionType.RANGE due to filter settings.
2026-06-30 09:32:22,750 [WARNING] Warning: No endpoint provided for question type remapping.
2026-06-30 09:32:22,750 [WARNING] Skipping QuestionType.RANGE due to filter settings.
2026-06-30 09:32:22,750 [WARNING] Warning: No endpoint provided for question type remapping.
2026-06-30 09:32:22,750 [WARNING] Skipping QuestionType.RANGE due to filter settings.
2026-06-30 09:32:22,750 [WARNING] Warning: No endpoint provided for question type remapping.
2026-06-30 09:32:22,750 [WARNING] Skipping QuestionType.RANGE due to filter settings.
2026-06-30 09:32:22,750 [WARNING] Warning: No endpoint provided for question type remapping.
2026-06-30 09:32:22,750 [WARNING] Skipping QuestionType.RANGE due to filter settings.
2026-06-30 09:32:22,750 [WARNING] Warning: No endpoint provided for question type remapping.
2026-06-30 09:32:22,750 [WARNING] Skipping QuestionType.RANGE due to filter settings.
2026-06-30 09:32:22,750 [WARNING] Warning: No endpoint provided for question type remapping.
2026-06-30 09:32:22,750 [WARNING] Skipping QuestionType.RANGE due to filter settings.
2026-06-30 09:32:22,750 [WARNING] Warning: No endpoint provided for question type remapping.
2026-06-30 09:32:22,750 [WARNING] Skipping QuestionType.RANGE due to filter settings.
2026-06-30 09:32:22,750 [WARNING] Warning: No endpoint provided for question type remapping.
2026-06-30 09:32:22,750 [WARNING] Skipping QuestionType.RANGE due to filter settings.
2026-06-30 09:32:22,750 [WARNING] Warning: No endpoint provided for question type remapping.
2026-06-30 09:32:22,750 [WARNING] Skipping QuestionType.RANGE due to filter settings.
2026-06-30 09:32:22,750 [WARNING] Warning: No endpoint provided for question type remapping.
2026-06-30 09:32:22,750 [WARNING] Skipping QuestionType.RANGE due to filter settings.
2026-06-30 09:32:22,750 [WARNING] Warning: No endpoint provided for question type remapping.
2026-06-30 09:32:22,750 [WARNING] Skipping QuestionType.RANGE due to filter settings.
2026-06-30 09:32:22,750 [WARNING] Warning: No endpoint provided for question type remapping.
2026-06-30 09:32:22,750 [WARNING] Skipping QuestionType.RANGE due to filter settings.
2026-06-30 09:32:22,750 [WARNING] Warning: No endpoint provided for question type remapping.
2026-06-30 09:32:22,750 [WARNING] Skipping QuestionType.RANGE due to filter settings.
2026-06-30 09:32:22,750 [WARNING] Warning: No endpoint provided for question type remapping.
2026-06-30 09:32:22,750 [WARNING] Skipping QuestionType.RANGE due to filter settings.
2026-06-30 09:32:22,750 [WARNING] Warning: No endpoint provided for question type remapping.
2026-06-30 09:32:22,750 [WARNING] Skipping QuestionType.RANGE due to filter settings.
2026-06-30 09:32:22,750 [WARNING] Warning: No endpoint provided for question type remapping.
2026-06-30 09:32:22,750 [WARNING] Skipping QuestionType.RANGE due to filter settings.
2026-06-30 09:32:22,750 [WARNING] Warning: No endpoint provided for question type remapping.
2026-06-30 09:32:22,750 [WARNING] Skipping QuestionType.RANGE due to filter settings.
2026-06-30 09:32:22,750 [WARNING] Warning: No endpoint provided for question type remapping.
2026-06-30 09:32:22,750 [WARNING] Skipping QuestionType.RANGE due to filter settings.
2026-06-30 09:32:22,750 [WARNING] Warning: No endpoint provided for question type remapping.
2026-06-30 09:32:22,750 [WARNING] Skipping QuestionType.RANGE due to filter settings.
2026-06-30 09:32:22,750 [WARNING] Warning: No endpoint provided for question type remapping.
2026-06-30 09:32:22,750 [WARNING] Skipping QuestionType.RANGE due to filter settings.
2026-06-30 09:32:22,750 [WARNING] Warning: No endpoint provided for question type remapping.
2026-06-30 09:32:22,750 [WARNING] Skipping QuestionType.RANGE due to filter settings.
2026-06-30 09:32:22,750 [WARNING] Warning: No endpoint provided for question type remapping.
2026-06-30 09:32:22,750 [WARNING] Skipping QuestionType.RANGE due to filter settings.
2026-06-30 09:32:22,750 [WARNING] Warning: No endpoint provided for question type remapping.
2026-06-30 09:32:22,750 [WARNING] Skipping QuestionType.RANGE due to filter settings.
2026-06-30 09:32:22,750 [WARNING] Warning: No endpoint provided for question type remapping.
2026-06-30 09:32:22,751 [WARNING] Skipping QuestionType.RANGE due to filter settings.
2026-06-30 09:32:22,751 [WARNING] Warning: No endpoint provided for question type remapping.
2026-06-30 09:32:22,751 [WARNING] Skipping QuestionType.RANGE due to filter settings.
2026-06-30 09:32:22,751 [WARNING] Warning: No endpoint provided for question type remapping.
2026-06-30 09:32:22,751 [WARNING] Skipping QuestionType.RANGE due to filter settings.
2026-06-30 09:32:22,751 [WARNING] Warning: No endpoint provided for question type remapping.
2026-06-30 09:32:22,751 [WARNING] Skipping QuestionType.RANGE due to filter settings.
2026-06-30 09:32:22,751 [WARNING] Warning: No endpoint provided for question type remapping.
2026-06-30 09:32:22,751 [WARNING] Skipping QuestionType.RANGE due to filter settings.
2026-06-30 09:32:22,751 [WARNING] Warning: No endpoint provided for question type remapping.
2026-06-30 09:32:22,751 [WARNING] Skipping QuestionType.RANGE due to filter settings.
2026-06-30 09:32:22,751 [WARNING] Warning: No endpoint provided for question type remapping.
2026-06-30 09:32:22,751 [WARNING] Skipping QuestionType.RANGE due to filter settings.
2026-06-30 09:32:22,751 [WARNING] Warning: No endpoint provided for question type remapping.
2026-06-30 09:32:22,751 [WARNING] Skipping QuestionType.RANGE due to filter settings.
2026-06-30 09:32:22,751 [WARNING] Warning: No endpoint provided for question type remapping.
2026-06-30 09:32:22,751 [WARNING] Skipping QuestionType.RANGE due to filter settings.
2026-06-30 09:32:22,751 [WARNING] Warning: No endpoint provided for question type remapping.
2026-06-30 09:32:22,751 [WARNING] Skipping QuestionType.RANGE due to filter settings.
2026-06-30 09:32:22,751 [WARNING] Warning: No endpoint provided for question type remapping.
2026-06-30 09:32:22,751 [WARNING] Skipping QuestionType.RANGE due to filter settings.
2026-06-30 09:32:22,751 [WARNING] Warning: No endpoint provided for question type remapping.
2026-06-30 09:32:22,751 [WARNING] Skipping QuestionType.RANGE due to filter settings.
2026-06-30 09:32:22,751 [WARNING] Warning: No endpoint provided for question type remapping.
2026-06-30 09:32:22,751 [WARNING] Skipping QuestionType.RANGE due to filter settings.
2026-06-30 09:32:22,751 [WARNING] Warning: No endpoint provided for question type remapping.
2026-06-30 09:32:22,751 [WARNING] Skipping QuestionType.RANGE due to filter settings.
2026-06-30 09:32:22,751 [WARNING] Warning: No endpoint provided for question type remapping.
2026-06-30 09:32:22,751 [WARNING] Skipping QuestionType.RANGE due to filter settings.
2026-06-30 09:32:22,751 [WARNING] Warning: No endpoint provided for question type remapping.
2026-06-30 09:32:22,751 [WARNING] Skipping QuestionType.RANGE due to filter settings.
2026-06-30 09:32:22,751 [WARNING] Warning: No endpoint provided for question type remapping.
2026-06-30 09:32:22,751 [WARNING] Skipping QuestionType.RANGE due to filter settings.
2026-06-30 09:32:22,751 [WARNING] Warning: No endpoint provided for question type remapping.
2026-06-30 09:32:22,751 [WARNING] Skipping QuestionType.RANGE due to filter settings.
2026-06-30 09:32:22,751 [WARNING] Warning: No endpoint provided for question type remapping.
2026-06-30 09:32:22,751 [WARNING] Skipping QuestionType.RANGE due to filter settings.
2026-06-30 09:32:22,751 [WARNING] Warning: No endpoint provided for question type remapping.
2026-06-30 09:32:22,751 [WARNING] Skipping QuestionType.RANGE due to filter settings.
2026-06-30 09:32:22,751 [WARNING] Warning: No endpoint provided for question type remapping.
2026-06-30 09:32:22,751 [WARNING] Skipping QuestionType.RANGE due to filter settings.
2026-06-30 09:32:22,751 [WARNING] Warning: No endpoint provided for question type remapping.
2026-06-30 09:32:22,751 [WARNING] Skipping QuestionType.RANGE due to filter settings.
2026-06-30 09:32:22,751 [WARNING] Warning: No endpoint provided for question type remapping.
2026-06-30 09:32:22,751 [WARNING] Skipping QuestionType.RANGE due to filter settings.
2026-06-30 09:32:22,751 [WARNING] Warning: No endpoint provided for question type remapping.
2026-06-30 09:32:22,751 [WARNING] Skipping QuestionType.RANGE due to filter settings.
2026-06-30 09:32:22,751 [WARNING] Warning: No endpoint provided for question type remapping.
2026-06-30 09:32:22,751 [WARNING] Skipping QuestionType.RANGE due to filter settings.
2026-06-30 09:32:22,751 [WARNING] Warning: No endpoint provided for question type remapping.
2026-06-30 09:32:22,751 [WARNING] Skipping QuestionType.RANGE due to filter settings.
2026-06-30 09:32:22,751 [WARNING] Warning: No endpoint provided for question type remapping.
2026-06-30 09:32:22,751 [WARNING] Skipping QuestionType.RANGE due to filter settings.
2026-06-30 09:32:22,752 [WARNING] Warning: No endpoint provided for question type remapping.
2026-06-30 09:32:22,752 [WARNING] Skipping QuestionType.RANGE due to filter settings.
2026-06-30 09:32:22,752 [WARNING] Warning: No endpoint provided for question type remapping.
2026-06-30 09:32:22,752 [WARNING] Skipping QuestionType.RANGE due to filter settings.
2026-06-30 09:32:22,752 [WARNING] Warning: No endpoint provided for question type remapping.
2026-06-30 09:32:22,752 [WARNING] Skipping QuestionType.RANGE due to filter settings.
2026-06-30 09:32:22,752 [WARNING] Warning: No endpoint provided for question type remapping.
2026-06-30 09:32:22,752 [WARNING] Skipping QuestionType.RANGE due to filter settings.
2026-06-30 09:32:22,752 [WARNING] Warning: No endpoint provided for question type remapping.
2026-06-30 09:32:22,752 [WARNING] Skipping QuestionType.RANGE due to filter settings.
2026-06-30 09:32:22,752 [WARNING] Warning: No endpoint provided for question type remapping.
2026-06-30 09:32:22,752 [WARNING] Skipping QuestionType.RANGE due to filter settings.
2026-06-30 09:32:22,752 [WARNING] Warning: No endpoint provided for question type remapping.
2026-06-30 09:32:22,752 [WARNING] Skipping QuestionType.RANGE due to filter settings.
2026-06-30 09:32:22,752 [WARNING] Warning: No endpoint provided for question type remapping.
2026-06-30 09:32:22,752 [WARNING] Skipping QuestionType.RANGE due to filter settings.
2026-06-30 09:32:22,752 [WARNING] Warning: No endpoint provided for question type remapping.
2026-06-30 09:32:22,752 [WARNING] Skipping QuestionType.RANGE due to filter settings.
2026-06-30 09:32:22,752 [WARNING] Warning: No endpoint provided for question type remapping.
2026-06-30 09:32:22,752 [WARNING] Skipping QuestionType.RANGE due to filter settings.
2026-06-30 09:32:22,752 [WARNING] Warning: No endpoint provided for question type remapping.
2026-06-30 09:32:22,752 [WARNING] Skipping QuestionType.RANGE due to filter settings.
2026-06-30 09:32:22,752 [WARNING] Warning: No endpoint provided for question type remapping.
2026-06-30 09:32:22,752 [WARNING] Skipping QuestionType.RANGE due to filter settings.
2026-06-30 09:32:22,752 [WARNING] Warning: No endpoint provided for question type remapping.
2026-06-30 09:32:22,752 [WARNING] Skipping QuestionType.RANGE due to filter settings.
2026-06-30 09:32:22,752 [WARNING] Warning: No endpoint provided for question type remapping.
2026-06-30 09:32:22,752 [WARNING] Skipping QuestionType.RANGE due to filter settings.
2026-06-30 09:32:22,752 [WARNING] Warning: No endpoint provided for question type remapping.
2026-06-30 09:32:22,752 [WARNING] Skipping QuestionType.RANGE due to filter settings.
2026-06-30 09:32:22,752 [WARNING] Warning: No endpoint provided for question type remapping.
2026-06-30 09:32:22,752 [WARNING] Skipping QuestionType.RANGE due to filter settings.
2026-06-30 09:32:22,752 [WARNING] Warning: No endpoint provided for question type remapping.
2026-06-30 09:32:22,752 [WARNING] Skipping QuestionType.RANGE due to filter settings.
2026-06-30 09:32:22,752 [WARNING] Warning: No endpoint provided for question type remapping.
2026-06-30 09:32:22,752 [WARNING] Skipping QuestionType.RANGE due to filter settings.
2026-06-30 09:32:22,752 [WARNING] Warning: No endpoint provided for question type remapping.
2026-06-30 09:32:22,752 [WARNING] Skipping QuestionType.RANGE due to filter settings.
2026-06-30 09:32:22,752 [WARNING] Warning: No endpoint provided for question type remapping.
2026-06-30 09:32:22,752 [WARNING] Skipping QuestionType.RANGE due to filter settings.
2026-06-30 09:32:22,753 [WARNING] Warning: No endpoint provided for question type remapping.
2026-06-30 09:32:22,753 [WARNING] Skipping QuestionType.RANGE due to filter settings.
2026-06-30 09:32:22,753 [WARNING] Warning: No endpoint provided for question type remapping.
2026-06-30 09:32:22,753 [WARNING] Skipping QuestionType.RANGE due to filter settings.
2026-06-30 09:32:22,753 [WARNING] Warning: No endpoint provided for question type remapping.
2026-06-30 09:32:22,753 [WARNING] Skipping QuestionType.RANGE due to filter settings.
2026-06-30 09:32:22,753 [WARNING] Warning: No endpoint provided for question type remapping.
2026-06-30 09:32:22,753 [WARNING] Skipping QuestionType.RANGE due to filter settings.
2026-06-30 09:32:22,753 [WARNING] Warning: No endpoint provided for question type remapping.
2026-06-30 09:32:22,753 [WARNING] Skipping QuestionType.RANGE due to filter settings.
2026-06-30 09:32:22,753 [WARNING] Warning: No endpoint provided for question type remapping.
2026-06-30 09:32:22,753 [WARNING] Skipping QuestionType.RANGE due to filter settings.
2026-06-30 09:32:22,753 [WARNING] Warning: No endpoint provided for question type remapping.
2026-06-30 09:32:22,753 [WARNING] Skipping QuestionType.RANGE due to filter settings.
2026-06-30 09:32:22,753 [WARNING] Warning: No endpoint provided for question type remapping.
2026-06-30 09:32:22,753 [WARNING] Skipping QuestionType.RANGE due to filter settings.
2026-06-30 09:32:22,753 [WARNING] Warning: No endpoint provided for question type remapping.
2026-06-30 09:32:22,753 [WARNING] Skipping QuestionType.RANGE due to filter settings.
2026-06-30 09:32:22,753 [WARNING] Warning: No endpoint provided for question type remapping.
2026-06-30 09:32:22,753 [WARNING] Skipping QuestionType.RANGE due to filter settings.
2026-06-30 09:32:22,764 [WARNING] Warning: No endpoint provided for question type remapping.
2026-06-30 09:32:22,764 [WARNING] Skipping QuestionType.RANGE due to filter settings.
2026-06-30 09:32:22,764 [WARNING] Warning: No endpoint provided for question type remapping.
2026-06-30 09:32:22,765 [WARNING] Skipping QuestionType.RANGE due to filter settings.
2026-06-30 09:32:22,765 [WARNING] Warning: No endpoint provided for question type remapping.
2026-06-30 09:32:22,765 [WARNING] Skipping QuestionType.RANGE due to filter settings.
2026-06-30 09:32:22,765 [WARNING] Warning: No endpoint provided for question type remapping.
2026-06-30 09:32:22,765 [WARNING] Skipping QuestionType.RANGE due to filter settings.
2026-06-30 09:32:22,766 [WARNING] Warning: No endpoint provided for question type remapping.
2026-06-30 09:32:22,766 [WARNING] Skipping QuestionType.RANGE due to filter settings.
2026-06-30 09:32:22,766 [WARNING] Warning: No endpoint provided for question type remapping.
2026-06-30 09:32:22,766 [WARNING] Skipping QuestionType.RANGE due to filter settings.
2026-06-30 09:32:22,767 [WARNING] Warning: No endpoint provided for question type remapping.
2026-06-30 09:32:22,767 [WARNING] Skipping QuestionType.RANGE due to filter settings.
2026-06-30 09:32:22,767 [WARNING] Warning: No endpoint provided for question type remapping.
2026-06-30 09:32:22,768 [WARNING] Skipping QuestionType.RANGE due to filter settings.
2026-06-30 09:32:22,768 [WARNING] Warning: No endpoint provided for question type remapping.
2026-06-30 09:32:22,768 [WARNING] Skipping QuestionType.RANGE due to filter settings.
2026-06-30 09:32:22,768 [WARNING] Warning: No endpoint provided for question type remapping.
2026-06-30 09:32:22,769 [WARNING] Skipping QuestionType.RANGE due to filter settings.
2026-06-30 09:32:22,769 [WARNING] Warning: No endpoint provided for question type remapping.
2026-06-30 09:32:22,769 [WARNING] Skipping QuestionType.RANGE due to filter settings.
2026-06-30 09:32:22,769 [WARNING] Warning: No endpoint provided for question type remapping.
2026-06-30 09:32:22,770 [WARNING] Skipping QuestionType.RANGE due to filter settings.
2026-06-30 09:32:22,770 [WARNING] Warning: No endpoint provided for question type remapping.
2026-06-30 09:32:22,770 [WARNING] Skipping QuestionType.RANGE due to filter settings.
2026-06-30 09:32:22,770 [WARNING] Warning: No endpoint provided for question type remapping.
2026-06-30 09:32:22,770 [WARNING] Skipping QuestionType.RANGE due to filter settings.
2026-06-30 09:32:22,771 [WARNING] Warning: No endpoint provided for question type remapping.
2026-06-30 09:32:22,771 [WARNING] Skipping QuestionType.RANGE due to filter settings.
2026-06-30 09:32:22,773 [WARNING] Warning: No endpoint provided for question type remapping.
2026-06-30 09:32:22,773 [WARNING] Skipping QuestionType.RANGE due to filter settings.
2026-06-30 09:32:22,775 [WARNING] Warning: No endpoint provided for question type remapping.
2026-06-30 09:32:22,775 [WARNING] Skipping QuestionType.RANGE due to filter settings.
2026-06-30 09:32:22,775 [WARNING] Warning: No endpoint provided for question type remapping.
2026-06-30 09:32:22,776 [WARNING] Skipping QuestionType.RANGE due to filter settings.
2026-06-30 09:32:22,776 [WARNING] Warning: No endpoint provided for question type remapping.
2026-06-30 09:32:22,776 [WARNING] Skipping QuestionType.RANGE due to filter settings.
2026-06-30 09:32:22,776 [WARNING] Warning: No endpoint provided for question type remapping.
2026-06-30 09:32:22,777 [WARNING] Skipping QuestionType.RANGE due to filter settings.
2026-06-30 09:32:22,777 [WARNING] Warning: No endpoint provided for question type remapping.
2026-06-30 09:32:22,777 [WARNING] Skipping QuestionType.RANGE due to filter settings.
2026-06-30 09:32:22,777 [WARNING] Warning: No endpoint provided for question type remapping.
2026-06-30 09:32:22,778 [WARNING] Skipping QuestionType.RANGE due to filter settings.
2026-06-30 09:32:22,778 [WARNING] Warning: No endpoint provided for question type remapping.
2026-06-30 09:32:22,778 [WARNING] Skipping QuestionType.RANGE due to filter settings.
2026-06-30 09:32:22,778 [WARNING] Warning: No endpoint provided for question type remapping.
2026-06-30 09:32:22,779 [WARNING] Skipping QuestionType.RANGE due to filter settings.
2026-06-30 09:32:22,780 [WARNING] Warning: No endpoint provided for question type remapping.
2026-06-30 09:32:22,780 [WARNING] Skipping QuestionType.RANGE due to filter settings.
2026-06-30 09:32:22,780 [WARNING] Warning: No endpoint provided for question type remapping.
2026-06-30 09:32:22,780 [WARNING] Skipping QuestionType.RANGE due to filter settings.
2026-06-30 09:32:22,780 [WARNING] Warning: No endpoint provided for question type remapping.
2026-06-30 09:32:22,780 [WARNING] Skipping QuestionType.RANGE due to filter settings.
2026-06-30 09:32:22,780 [WARNING] Warning: No endpoint provided for question type remapping.
2026-06-30 09:32:22,780 [WARNING] Skipping QuestionType.RANGE due to filter settings.
2026-06-30 09:32:22,780 [WARNING] Warning: No endpoint provided for question type remapping.
2026-06-30 09:32:22,780 [WARNING] Skipping QuestionType.RANGE due to filter settings.
2026-06-30 09:32:22,780 [WARNING] Warning: No endpoint provided for question type remapping.
2026-06-30 09:32:22,780 [WARNING] Skipping QuestionType.RANGE due to filter settings.
2026-06-30 09:32:22,780 [WARNING] Warning: No endpoint provided for question type remapping.
2026-06-30 09:32:22,780 [WARNING] Skipping QuestionType.RANGE due to filter settings.
2026-06-30 09:32:22,780 [WARNING] Warning: No endpoint provided for question type remapping.
2026-06-30 09:32:22,780 [WARNING] Skipping QuestionType.RANGE due to filter settings.
2026-06-30 09:32:22,780 [WARNING] Warning: No endpoint provided for question type remapping.
2026-06-30 09:32:22,780 [WARNING] Skipping QuestionType.RANGE due to filter settings.
2026-06-30 09:32:22,781 [WARNING] Warning: No endpoint provided for question type remapping.
2026-06-30 09:32:22,781 [WARNING] Skipping QuestionType.RANGE due to filter settings.
2026-06-30 09:32:22,781 [WARNING] Warning: No endpoint provided for question type remapping.
2026-06-30 09:32:22,781 [WARNING] Skipping QuestionType.RANGE due to filter settings.
2026-06-30 09:32:22,781 [WARNING] Warning: No endpoint provided for question type remapping.
2026-06-30 09:32:22,781 [WARNING] Skipping QuestionType.RANGE due to filter settings.
2026-06-30 09:32:22,781 [WARNING] Warning: No endpoint provided for question type remapping.
2026-06-30 09:32:22,781 [WARNING] Skipping QuestionType.RANGE due to filter settings.
2026-06-30 09:32:22,781 [WARNING] Warning: No endpoint provided for question type remapping.
2026-06-30 09:32:22,781 [WARNING] Skipping QuestionType.RANGE due to filter settings.
2026-06-30 09:32:22,781 [WARNING] Warning: No endpoint provided for question type remapping.
2026-06-30 09:32:22,781 [WARNING] Skipping QuestionType.RANGE due to filter settings.
2026-06-30 09:32:22,781 [WARNING] Warning: No endpoint provided for question type remapping.
2026-06-30 09:32:22,781 [WARNING] Skipping QuestionType.RANGE due to filter settings.
2026-06-30 09:32:22,781 [WARNING] Warning: No endpoint provided for question type remapping.
2026-06-30 09:32:22,781 [WARNING] Skipping QuestionType.RANGE due to filter settings.
2026-06-30 09:32:22,781 [WARNING] Warning: No endpoint provided for question type remapping.
2026-06-30 09:32:22,781 [WARNING] Skipping QuestionType.RANGE due to filter settings.
2026-06-30 09:32:22,781 [WARNING] Warning: No endpoint provided for question type remapping.
2026-06-30 09:32:22,781 [WARNING] Skipping QuestionType.RANGE due to filter settings.
2026-06-30 09:32:22,781 [WARNING] Warning: No endpoint provided for question type remapping.
2026-06-30 09:32:22,781 [WARNING] Skipping QuestionType.RANGE due to filter settings.
2026-06-30 09:32:22,781 [WARNING] Warning: No endpoint provided for question type remapping.
2026-06-30 09:32:22,781 [WARNING] Skipping QuestionType.RANGE due to filter settings.
2026-06-30 09:32:22,781 [WARNING] Warning: No endpoint provided for question type remapping.
2026-06-30 09:32:22,781 [WARNING] Skipping QuestionType.RANGE due to filter settings.
2026-06-30 09:32:22,781 [WARNING] Warning: No endpoint provided for question type remapping.
2026-06-30 09:32:22,782 [WARNING] Skipping QuestionType.RANGE due to filter settings.
2026-06-30 09:32:22,782 [WARNING] Warning: No endpoint provided for question type remapping.
2026-06-30 09:32:22,782 [WARNING] Skipping QuestionType.RANGE due to filter settings.
2026-06-30 09:32:22,782 [WARNING] Warning: No endpoint provided for question type remapping.
2026-06-30 09:32:22,782 [WARNING] Skipping QuestionType.RANGE due to filter settings.
2026-06-30 09:32:22,782 [WARNING] Warning: No endpoint provided for question type remapping.
2026-06-30 09:32:22,782 [WARNING] Skipping QuestionType.RANGE due to filter settings.
2026-06-30 09:32:22,782 [WARNING] Warning: No endpoint provided for question type remapping.
2026-06-30 09:32:22,782 [WARNING] Skipping QuestionType.RANGE due to filter settings.
2026-06-30 09:32:22,782 [WARNING] Warning: No endpoint provided for question type remapping.
2026-06-30 09:32:22,782 [WARNING] Skipping QuestionType.RANGE due to filter settings.
2026-06-30 09:32:22,782 [WARNING] Warning: No endpoint provided for question type remapping.
2026-06-30 09:32:22,782 [WARNING] Skipping QuestionType.RANGE due to filter settings.
2026-06-30 09:32:22,782 [WARNING] Warning: No endpoint provided for question type remapping.
2026-06-30 09:32:22,782 [WARNING] Skipping QuestionType.RANGE due to filter settings.
2026-06-30 09:32:22,782 [WARNING] Warning: No endpoint provided for question type remapping.
2026-06-30 09:32:22,782 [WARNING] Skipping QuestionType.RANGE due to filter settings.
2026-06-30 09:32:22,782 [WARNING] Warning: No endpoint provided for question type remapping.
2026-06-30 09:32:22,782 [WARNING] Skipping QuestionType.RANGE due to filter settings.
2026-06-30 09:32:22,782 [WARNING] Warning: No endpoint provided for question type remapping.
2026-06-30 09:32:22,782 [WARNING] Skipping QuestionType.RANGE due to filter settings.
2026-06-30 09:32:22,782 [WARNING] Warning: No endpoint provided for question type remapping.
2026-06-30 09:32:22,782 [WARNING] Skipping QuestionType.RANGE due to filter settings.
2026-06-30 09:32:22,782 [WARNING] Warning: No endpoint provided for question type remapping.
2026-06-30 09:32:22,782 [WARNING] Skipping QuestionType.RANGE due to filter settings.
2026-06-30 09:32:22,782 [WARNING] Warning: No endpoint provided for question type remapping.
2026-06-30 09:32:22,782 [WARNING] Skipping QuestionType.RANGE due to filter settings.
2026-06-30 09:32:22,782 [WARNING] Warning: No endpoint provided for question type remapping.
2026-06-30 09:32:22,782 [WARNING] Skipping QuestionType.RANGE due to filter settings.
2026-06-30 09:32:22,782 [WARNING] Warning: No endpoint provided for question type remapping.
2026-06-30 09:32:22,782 [WARNING] Skipping QuestionType.RANGE due to filter settings.
2026-06-30 09:32:22,782 [WARNING] Warning: No endpoint provided for question type remapping.
2026-06-30 09:32:22,785 [WARNING] Skipping QuestionType.RANGE due to filter settings.
2026-06-30 09:32:22,785 [WARNING] Warning: No endpoint provided for question type remapping.
2026-06-30 09:32:22,785 [WARNING] Skipping QuestionType.RANGE due to filter settings.
2026-06-30 09:32:22,785 [WARNING] Warning: No endpoint provided for question type remapping.
2026-06-30 09:32:22,786 [WARNING] Skipping QuestionType.RANGE due to filter settings.
2026-06-30 09:32:22,786 [WARNING] Warning: No endpoint provided for question type remapping.
2026-06-30 09:32:22,786 [WARNING] Skipping QuestionType.RANGE due to filter settings.
2026-06-30 09:32:22,786 [WARNING] Warning: No endpoint provided for question type remapping.
2026-06-30 09:32:22,786 [WARNING] Skipping QuestionType.RANGE due to filter settings.
2026-06-30 09:32:22,786 [WARNING] Warning: No endpoint provided for question type remapping.
2026-06-30 09:32:22,789 [WARNING] Skipping QuestionType.RANGE due to filter settings.
2026-06-30 09:32:22,789 [WARNING] Warning: No endpoint provided for question type remapping.
2026-06-30 09:32:22,789 [WARNING] Skipping QuestionType.RANGE due to filter settings.
2026-06-30 09:32:22,789 [WARNING] Warning: No endpoint provided for question type remapping.
2026-06-30 09:32:22,789 [WARNING] Skipping QuestionType.RANGE due to filter settings.
2026-06-30 09:32:22,790 [WARNING] Warning: No endpoint provided for question type remapping.
2026-06-30 09:32:22,790 [WARNING] Skipping QuestionType.RANGE due to filter settings.
2026-06-30 09:32:22,790 [WARNING] Warning: No endpoint provided for question type remapping.
2026-06-30 09:32:22,791 [WARNING] Skipping QuestionType.RANGE due to filter settings.
2026-06-30 09:32:22,792 [WARNING] Warning: No endpoint provided for question type remapping.
2026-06-30 09:32:22,793 [WARNING] Skipping QuestionType.RANGE due to filter settings.
2026-06-30 09:32:22,793 [WARNING] Warning: No endpoint provided for question type remapping.
2026-06-30 09:32:22,793 [WARNING] Skipping QuestionType.RANGE due to filter settings.
2026-06-30 09:32:22,794 [WARNING] Warning: No endpoint provided for question type remapping.
2026-06-30 09:32:22,794 [WARNING] Skipping QuestionType.RANGE due to filter settings.
2026-06-30 09:32:22,795 [WARNING] Warning: No endpoint provided for question type remapping.
2026-06-30 09:32:22,795 [WARNING] Skipping QuestionType.RANGE due to filter settings.
2026-06-30 09:32:22,796 [WARNING] Warning: No endpoint provided for question type remapping.
2026-06-30 09:32:22,796 [WARNING] Skipping QuestionType.RANGE due to filter settings.
2026-06-30 09:32:22,796 [WARNING] Warning: No endpoint provided for question type remapping.
2026-06-30 09:32:22,796 [WARNING] Skipping QuestionType.RANGE due to filter settings.
2026-06-30 09:32:22,796 [WARNING] Warning: No endpoint provided for question type remapping.
2026-06-30 09:32:22,797 [WARNING] Skipping QuestionType.RANGE due to filter settings.
2026-06-30 09:32:22,798 [WARNING] Warning: No endpoint provided for question type remapping.
2026-06-30 09:32:22,798 [WARNING] Skipping QuestionType.RANGE due to filter settings.
2026-06-30 09:32:22,798 [WARNING] Warning: No endpoint provided for question type remapping.
2026-06-30 09:32:22,798 [WARNING] Skipping QuestionType.RANGE due to filter settings.
2026-06-30 09:32:22,800 [WARNING] Warning: No endpoint provided for question type remapping.
2026-06-30 09:32:22,800 [WARNING] Skipping QuestionType.RANGE due to filter settings.
2026-06-30 09:32:22,800 [WARNING] Warning: No endpoint provided for question type remapping.
2026-06-30 09:32:22,800 [WARNING] Skipping QuestionType.RANGE due to filter settings.
2026-06-30 09:32:22,800 [WARNING] Warning: No endpoint provided for question type remapping.
2026-06-30 09:32:22,800 [WARNING] Skipping QuestionType.RANGE due to filter settings.
2026-06-30 09:32:22,801 [WARNING] Warning: No endpoint provided for question type remapping.
2026-06-30 09:32:22,801 [WARNING] Skipping QuestionType.RANGE due to filter settings.
2026-06-30 09:32:22,801 [WARNING] Warning: No endpoint provided for question type remapping.
2026-06-30 09:32:22,802 [WARNING] Skipping QuestionType.RANGE due to filter settings.
2026-06-30 09:32:22,803 [WARNING] Warning: No endpoint provided for question type remapping.
2026-06-30 09:32:22,804 [WARNING] Skipping QuestionType.RANGE due to filter settings.
2026-06-30 09:32:22,804 [WARNING] Warning: No endpoint provided for question type remapping.
2026-06-30 09:32:22,804 [WARNING] Skipping QuestionType.RANGE due to filter settings.
2026-06-30 09:32:22,805 [WARNING] Warning: No endpoint provided for question type remapping.
2026-06-30 09:32:22,805 [WARNING] Skipping QuestionType.RANGE due to filter settings.
2026-06-30 09:32:22,806 [WARNING] Warning: No endpoint provided for question type remapping.
2026-06-30 09:32:22,806 [WARNING] Skipping QuestionType.RANGE due to filter settings.
2026-06-30 09:32:22,806 [WARNING] Warning: No endpoint provided for question type remapping.
2026-06-30 09:32:22,807 [WARNING] Skipping QuestionType.RANGE due to filter settings.
2026-06-30 09:32:22,807 [WARNING] Warning: No endpoint provided for question type remapping.
2026-06-30 09:32:22,807 [WARNING] Skipping QuestionType.RANGE due to filter settings.
2026-06-30 09:32:22,807 [WARNING] Warning: No endpoint provided for question type remapping.
2026-06-30 09:32:22,808 [WARNING] Skipping QuestionType.RANGE due to filter settings.
2026-06-30 09:32:22,808 [WARNING] Warning: No endpoint provided for question type remapping.
2026-06-30 09:32:22,809 [WARNING] Skipping QuestionType.RANGE due to filter settings.
2026-06-30 09:32:22,810 [WARNING] Warning: No endpoint provided for question type remapping.
2026-06-30 09:32:22,810 [WARNING] Skipping QuestionType.RANGE due to filter settings.
2026-06-30 09:32:22,811 [WARNING] Warning: No endpoint provided for question type remapping.
2026-06-30 09:32:22,811 [WARNING] Skipping QuestionType.RANGE due to filter settings.
2026-06-30 09:32:22,811 [WARNING] Warning: No endpoint provided for question type remapping.
2026-06-30 09:32:22,812 [WARNING] Skipping QuestionType.RANGE due to filter settings.
2026-06-30 09:32:22,812 [WARNING] Warning: No endpoint provided for question type remapping.
2026-06-30 09:32:22,812 [WARNING] Skipping QuestionType.RANGE due to filter settings.
2026-06-30 09:32:22,813 [WARNING] Warning: No endpoint provided for question type remapping.
2026-06-30 09:32:22,813 [WARNING] Skipping QuestionType.RANGE due to filter settings.
2026-06-30 09:32:22,814 [WARNING] Warning: No endpoint provided for question type remapping.
2026-06-30 09:32:22,816 [WARNING] Skipping QuestionType.RANGE due to filter settings.
2026-06-30 09:32:22,816 [WARNING] Warning: No endpoint provided for question type remapping.
2026-06-30 09:32:22,817 [WARNING] Skipping QuestionType.RANGE due to filter settings.
2026-06-30 09:32:22,817 [WARNING] Warning: No endpoint provided for question type remapping.
2026-06-30 09:32:22,824 [WARNING] Skipping QuestionType.RANGE due to filter settings.
2026-06-30 09:32:22,825 [WARNING] Warning: No endpoint provided for question type remapping.
2026-06-30 09:32:22,825 [WARNING] Skipping QuestionType.RANGE due to filter settings.
2026-06-30 09:32:22,826 [WARNING] Warning: No endpoint provided for question type remapping.
2026-06-30 09:32:22,826 [WARNING] Skipping QuestionType.RANGE due to filter settings.
2026-06-30 09:32:22,826 [WARNING] Warning: No endpoint provided for question type remapping.
2026-06-30 09:32:22,826 [WARNING] Skipping QuestionType.RANGE due to filter settings.
2026-06-30 09:32:22,827 [WARNING] Warning: No endpoint provided for question type remapping.
2026-06-30 09:32:22,827 [WARNING] Skipping QuestionType.RANGE due to filter settings.
2026-06-30 09:32:22,827 [WARNING] Warning: No endpoint provided for question type remapping.
2026-06-30 09:32:22,827 [WARNING] Skipping QuestionType.RANGE due to filter settings.
2026-06-30 09:32:22,827 [WARNING] Warning: No endpoint provided for question type remapping.
2026-06-30 09:32:22,828 [WARNING] Skipping QuestionType.RANGE due to filter settings.
2026-06-30 09:32:22,828 [WARNING] Warning: No endpoint provided for question type remapping.
2026-06-30 09:32:22,828 [WARNING] Skipping QuestionType.RANGE due to filter settings.
2026-06-30 09:32:22,828 [WARNING] Warning: No endpoint provided for question type remapping.
2026-06-30 09:32:22,829 [WARNING] Skipping QuestionType.RANGE due to filter settings.
2026-06-30 09:32:22,831 [WARNING] Warning: No endpoint provided for question type remapping.
2026-06-30 09:32:22,832 [WARNING] Skipping QuestionType.RANGE due to filter settings.
2026-06-30 09:32:22,832 [WARNING] Warning: No endpoint provided for question type remapping.
2026-06-30 09:32:22,833 [WARNING] Skipping QuestionType.RANGE due to filter settings.
2026-06-30 09:32:22,833 [WARNING] Warning: No endpoint provided for question type remapping.
2026-06-30 09:32:22,833 [WARNING] Skipping QuestionType.RANGE due to filter settings.
2026-06-30 09:32:22,835 [WARNING] Warning: No endpoint provided for question type remapping.
2026-06-30 09:32:22,835 [WARNING] Skipping QuestionType.RANGE due to filter settings.
2026-06-30 09:32:22,835 [WARNING] Warning: No endpoint provided for question type remapping.
2026-06-30 09:32:22,836 [WARNING] Skipping QuestionType.RANGE due to filter settings.
2026-06-30 09:32:22,836 [WARNING] Warning: No endpoint provided for question type remapping.
2026-06-30 09:32:22,836 [WARNING] Skipping QuestionType.RANGE due to filter settings.
2026-06-30 09:32:22,836 [WARNING] Warning: No endpoint provided for question type remapping.
2026-06-30 09:32:22,837 [WARNING] Skipping QuestionType.RANGE due to filter settings.
2026-06-30 09:32:22,838 [WARNING] Warning: No endpoint provided for question type remapping.
2026-06-30 09:32:22,838 [WARNING] Skipping QuestionType.RANGE due to filter settings.
2026-06-30 09:32:22,839 [WARNING] Warning: No endpoint provided for question type remapping.
2026-06-30 09:32:22,839 [WARNING] Skipping QuestionType.RANGE due to filter settings.
2026-06-30 09:32:22,839 [WARNING] Warning: No endpoint provided for question type remapping.
2026-06-30 09:32:22,840 [WARNING] Skipping QuestionType.RANGE due to filter settings.
2026-06-30 09:32:22,840 [WARNING] Warning: No endpoint provided for question type remapping.
2026-06-30 09:32:22,840 [WARNING] Skipping QuestionType.RANGE due to filter settings.
2026-06-30 09:32:22,840 [WARNING] Warning: No endpoint provided for question type remapping.
2026-06-30 09:32:22,841 [WARNING] Skipping QuestionType.RANGE due to filter settings.
2026-06-30 09:32:22,841 [WARNING] Warning: No endpoint provided for question type remapping.
2026-06-30 09:32:22,844 [WARNING] Skipping QuestionType.RANGE due to filter settings.
2026-06-30 09:32:22,844 [WARNING] Warning: No endpoint provided for question type remapping.
2026-06-30 09:32:22,845 [WARNING] Skipping QuestionType.RANGE due to filter settings.
2026-06-30 09:32:22,846 [WARNING] Warning: No endpoint provided for question type remapping.
2026-06-30 09:32:22,846 [WARNING] Skipping QuestionType.RANGE due to filter settings.
2026-06-30 09:32:22,847 [WARNING] Warning: No endpoint provided for question type remapping.
2026-06-30 09:32:22,847 [WARNING] Skipping QuestionType.RANGE due to filter settings.
2026-06-30 09:32:22,848 [WARNING] Warning: No endpoint provided for question type remapping.
2026-06-30 09:32:22,848 [WARNING] Skipping QuestionType.RANGE due to filter settings.
2026-06-30 09:32:22,848 [WARNING] Warning: No endpoint provided for question type remapping.
2026-06-30 09:32:22,849 [WARNING] Skipping QuestionType.RANGE due to filter settings.
2026-06-30 09:32:22,849 [WARNING] Warning: No endpoint provided for question type remapping.
2026-06-30 09:32:22,850 [WARNING] Skipping QuestionType.RANGE due to filter settings.
2026-06-30 09:32:22,850 [WARNING] Warning: No endpoint provided for question type remapping.
2026-06-30 09:32:22,851 [WARNING] Skipping QuestionType.RANGE due to filter settings.
2026-06-30 09:32:22,852 [WARNING] Warning: No endpoint provided for question type remapping.
